// Jest Snapshot v1, https://goo.gl/fbAQLP

exports[`Form component matches a snapshot of Form.jsx 1`] = `
<section>
  <form
    className="Form"
    onSubmit={[Function]}
  >
    <input
      name="url"
      onChange={[Function]}
      type="text"
      value="https://xfiles-api.herokuapp.com/api/v1/characters"
    />
    <input
      checked={true}
      name="method"
      onChange={[Function]}
      type="radio"
      value="GET"
    />
    <label>
      GET:
    </label>
    <input
      checked={false}
      name="method"
      onChange={[Function]}
      type="radio"
      value="POST"
    />
    <label>
      POST:
    </label>
    <input
      checked={false}
      name="method"
      onChange={[Function]}
      type="radio"
      value="PUT"
    />
    <label>
      PUT:
    </label>
    <input
      checked={false}
      name="method"
      onChange={[Function]}
      type="radio"
      value="PATCH"
    />
    <label>
      PATCH:
    </label>
    <input
      checked={false}
      name="method"
      onChange={[Function]}
      type="radio"
      value="DELETE"
    />
    <label>
      DELETE:
    </label>
    <button>
      GO!
    </button>
    <textarea
      name="body"
      onChange={[Function]}
      value="{}"
    />
  </form>
</section>
`;
